Assert the service match the snapshot:
  1: |
    labels:
      app.kubernetes.io/instance: RELEASE-NAME
      app.kubernetes.io/managed-by: Helm
      app.kubernetes.io/name: cryptpad
      helm.sh/chart: cryptpad-0.0.2
    name: RELEASE-NAME-cryptpad
